
Elvin@LAPTOP-83UP5EQV MINGW64 ~ (101150598)
$ ssh root@143.110.214.6
Welcome to Ubuntu 20.04.1 LTS (GNU/Linux 5.4.0-42-generic x86_64)

 * Documentation:  https://help.ubuntu.com
 * Management:     https://landscape.canonical.com
 * Support:        https://ubuntu.com/advantage

  System information as of Sun Feb  7 19:02:59 UTC 2021

  System load:  0.0                Users logged in:       0
  Usage of /:   12.0% of 24.06GB   IPv4 address for eth0: 143.110.214.6
  Memory usage: 58%                IPv4 address for eth0: 10.20.0.5
  Swap usage:   0%                 IPv4 address for eth1: 10.118.0.2
  Processes:    117

102 updates can be installed immediately.
0 of these updates are security updates.
To see these additional updates run: apt list --upgradable


*** System restart required ***
********************************************************************************

Welcome to DigitalOcean's 1-Click LAMP Droplet.
To keep this Droplet secure, the UFW firewall is enabled.
All ports are BLOCKED except 22 (SSH), 80 (HTTP), and 443 (HTTPS).

In a web browser, you can view:
 * The LAMP 1-Click Quickstart guide: https://do.co/3gY97ha#start
 * Your LAMP website: http://143.110.214.6

On the server:
 * The default web root is located at /var/www/html
 * The MySQL root password is saved in /root/.digitalocean_password
 * Certbot is preinstalled. Run it to configure HTTPS. See
   https://do.co/3gY97ha#enable-https for more detail.

For help and more information, visit https://do.co/3gY97ha

********************************************************************************
To delete this message of the day: rm -rf /etc/update-motd.d/99-one-click
Last login: Sun Feb  7 18:58:57 2021 from 99.239.40.176
root@LabTest1:~# man iptables
root@LabTest1:~# apt-get update
Get:1 http://mirrors.digitalocean.com/ubuntu focal InRelease [265 kB]
Get:2 http://mirrors.digitalocean.com/ubuntu focal-updates InRelease [114 kB]
Get:3 http://mirrors.digitalocean.com/ubuntu focal-backports InRelease [101 kB]
Get:4 http://security.ubuntu.com/ubuntu focal-security InRelease [109 kB]
Get:5 http://mirrors.digitalocean.com/ubuntu focal-updates/main amd64 Packages [797 kB]
Get:6 http://mirrors.digitalocean.com/ubuntu focal-updates/universe amd64 Packages [737 kB]
Fetched 2123 kB in 1s (2139 kB/s)
Reading package lists... Done
root@LabTest1:~# apt-get install iptables
Reading package lists... Done
Building dependency tree
Reading state information... Done
iptables is already the newest version (1.8.4-3ubuntu2).
iptables set to manually installed.
0 upgraded, 0 newly installed, 0 to remove and 99 not upgraded.
root@LabTest1:~# iptables -L -v
Chain INPUT (policy DROP 15217 packets, 691K bytes)
 pkts bytes target     prot opt in     out     source               destination 
90773   11M f2b-sshd   tcp  --  any    any     anywhere             anywhere             multiport dports ssh
 343K  353M ufw-before-logging-input  all  --  any    any     anywhere             anywhere
 343K  353M ufw-before-input  all  --  any    any     anywhere             anywhere
 190K 8475K ufw-after-input  all  --  any    any     anywhere             anywhere
 181K 7994K ufw-after-logging-input  all  --  any    any     anywhere             anywhere
 181K 7994K ufw-reject-input  all  --  any    any     anywhere             anywhere
 181K 7994K ufw-track-input  all  --  any    any     anywhere             anywhere

Chain FORWARD (policy DROP 0 packets, 0 bytes)
 pkts bytes target     prot opt in     out     source               destination 
    0     0 ufw-before-logging-forward  all  --  any    any     anywhere             anywhere
    0     0 ufw-before-forward  all  --  any    any     anywhere             anywhere
    0     0 ufw-after-forward  all  --  any    any     anywhere             anywhere
    0     0 ufw-after-logging-forward  all  --  any    any     anywhere             anywhere
    0     0 ufw-reject-forward  all  --  any    any     anywhere             anywhere
    0     0 ufw-track-forward  all  --  any    any     anywhere             anywhere

Chain OUTPUT (policy ACCEPT 1 packets, 40 bytes)
 pkts bytes target     prot opt in     out     source               destination 
 130K   22M ufw-before-logging-output  all  --  any    any     anywhere             anywhere
 130K   22M ufw-before-output  all  --  any    any     anywhere             anywhere
 6760  349K ufw-after-output  all  --  any    any     anywhere             anywhere
 6760  349K ufw-after-logging-output  all  --  any    any     anywhere             anywhere
 6760  349K ufw-reject-output  all  --  any    any     anywhere             anywhere
 6760  349K ufw-track-output  all  --  any    any     anywhere             anywhere

Chain f2b-sshd (1 references)
 pkts bytes target     prot opt in     out     source               destination 
90176   11M RETURN     all  --  any    any     anywhere             anywhere    

Chain ufw-after-forward (1 references)
 pkts bytes target     prot opt in     out     source               destination 

Chain ufw-after-input (1 references)
 pkts bytes target     prot opt in     out     source               destination 
   83  6484 ufw-skip-to-policy-input  udp  --  any    any     anywhere             anywhere             udp dpt:netbios-ns
    1    28 ufw-skip-to-policy-input  udp  --  any    any     anywhere             anywhere             udp dpt:netbios-dgm
   91  4028 ufw-skip-to-policy-input  tcp  --  any    any     anywhere             anywhere             tcp dpt:netbios-ssn
 9141  471K ufw-skip-to-policy-input  tcp  --  any    any     anywhere             anywhere             tcp dpt:microsoft-ds
    1    28 ufw-skip-to-policy-input  udp  --  any    any     anywhere             anywhere             udp dpt:bootps
    1    28 ufw-skip-to-policy-input  udp  --  any    any     anywhere             anywhere             udp dpt:bootpc
    0     0 ufw-skip-to-policy-input  all  --  any    any     anywhere             anywhere             ADDRTYPE match dst-type BROADCAST

Chain ufw-after-logging-forward (1 references)
 pkts bytes target     prot opt in     out     source               destination 
    0     0 LOG        all  --  any    any     anywhere             anywhere             limit: avg 3/min burst 10 LOG level warning prefix "[UFW BLOCK] "

Chain ufw-after-logging-input (1 references)
 pkts bytes target     prot opt in     out     source               destination 
56308 2621K LOG        all  --  any    any     anywhere             anywhere             limit: avg 3/min burst 10 LOG level warning prefix "[UFW BLOCK] "

Chain ufw-after-logging-output (1 references)
 pkts bytes target     prot opt in     out     source               destination 

Chain ufw-after-output (1 references)
 pkts bytes target     prot opt in     out     source               destination 

Chain ufw-before-forward (1 references)
 pkts bytes target     prot opt in     out     source               destination 
    0     0 ACCEPT     all  --  any    any     anywhere             anywhere             ctstate RELATED,ESTABLISHED
    0     0 ACCEPT     icmp --  any    any     anywhere             anywhere             icmp destination-unreachable
    0     0 ACCEPT     icmp --  any    any     anywhere             anywhere             icmp time-exceeded
    0     0 ACCEPT     icmp --  any    any     anywhere             anywhere             icmp parameter-problem
    0     0 ACCEPT     icmp --  any    any     anywhere             anywhere             icmp echo-request
    0     0 ufw-user-forward  all  --  any    any     anywhere             anywhere

Chain ufw-before-input (1 references)
 pkts bytes target     prot opt in     out     source               destination 
    0     0 ACCEPT     all  --  lo     any     anywhere             anywhere    
 133K  343M ACCEPT     all  --  any    any     anywhere             anywhere             ctstate RELATED,ESTABLISHED
 1782  309K ufw-logging-deny  all  --  any    any     anywhere             anywhere             ctstate INVALID
 1782  309K DROP       all  --  any    any     anywhere             anywhere             ctstate INVALID
    0     0 ACCEPT     icmp --  any    any     anywhere             anywhere             icmp destination-unreachable
    0     0 ACCEPT     icmp --  any    any     anywhere             anywhere             icmp time-exceeded
    0     0 ACCEPT     icmp --  any    any     anywhere             anywhere             icmp parameter-problem
 3029  226K ACCEPT     icmp --  any    any     anywhere             anywhere             icmp echo-request
    0     0 ACCEPT     udp  --  any    any     anywhere             anywhere             udp spt:bootps dpt:bootpc
 205K 9326K ufw-not-local  all  --  any    any     anywhere             anywhere
    0     0 ACCEPT     udp  --  any    any     anywhere             224.0.0.251          udp dpt:mdns
    0     0 ACCEPT     udp  --  any    any     anywhere             239.255.255.250      udp dpt:1900
 205K 9326K ufw-user-input  all  --  any    any     anywhere             anywhere

Chain ufw-before-logging-forward (1 references)
 pkts bytes target     prot opt in     out     source               destination 

Chain ufw-before-logging-input (1 references)
 pkts bytes target     prot opt in     out     source               destination 

Chain ufw-before-logging-output (1 references)
 pkts bytes target     prot opt in     out     source               destination 

Chain ufw-before-output (1 references)
 pkts bytes target     prot opt in     out     source               destination 
    0     0 ACCEPT     all  --  any    lo      anywhere             anywhere    
 123K   21M ACCEPT     all  --  any    any     anywhere             anywhere             ctstate RELATED,ESTABLISHED
 6760  349K ufw-user-output  all  --  any    any     anywhere             anywhere

Chain ufw-logging-allow (0 references)
 pkts bytes target     prot opt in     out     source               destination 
    0     0 LOG        all  --  any    any     anywhere             anywhere             limit: avg 3/min burst 10 LOG level warning prefix "[UFW ALLOW] "

Chain ufw-logging-deny (2 references)
 pkts bytes target     prot opt in     out     source               destination 
 1756  307K RETURN     all  --  any    any     anywhere             anywhere             ctstate INVALID limit: avg 3/min burst 10
   13   800 LOG        all  --  any    any     anywhere             anywhere             limit: avg 3/min burst 10 LOG level warning prefix "[UFW BLOCK] "

Chain ufw-not-local (1 references)
 pkts bytes target     prot opt in     out     source               destination 
 205K 9326K RETURN     all  --  any    any     anywhere             anywhere             ADDRTYPE match dst-type LOCAL
    0     0 RETURN     all  --  any    any     anywhere             anywhere             ADDRTYPE match dst-type MULTICAST
    0     0 RETURN     all  --  any    any     anywhere             anywhere             ADDRTYPE match dst-type BROADCAST
    0     0 ufw-logging-deny  all  --  any    any     anywhere             anywhere             limit: avg 3/min burst 10
    0     0 DROP       all  --  any    any     anywhere             anywhere    

Chain ufw-reject-forward (1 references)
 pkts bytes target     prot opt in     out     source               destination 

Chain ufw-reject-input (1 references)
 pkts bytes target     prot opt in     out     source               destination 

Chain ufw-reject-output (1 references)
 pkts bytes target     prot opt in     out     source               destination 

Chain ufw-skip-to-policy-forward (0 references)
 pkts bytes target     prot opt in     out     source               destination 
    0     0 DROP       all  --  any    any     anywhere             anywhere    

Chain ufw-skip-to-policy-input (7 references)
 pkts bytes target     prot opt in     out     source               destination 
 9318  481K DROP       all  --  any    any     anywhere             anywhere    

Chain ufw-skip-to-policy-output (0 references)
 pkts bytes target     prot opt in     out     source               destination 
    0     0 ACCEPT     all  --  any    any     anywhere             anywhere    

Chain ufw-track-forward (1 references)
 pkts bytes target     prot opt in     out     source               destination 

Chain ufw-track-input (1 references)
 pkts bytes target     prot opt in     out     source               destination 

Chain ufw-track-output (1 references)
 pkts bytes target     prot opt in     out     source               destination 
 4741  213K ACCEPT     tcp  --  any    any     anywhere             anywhere             ctstate NEW
 1614  105K ACCEPT     udp  --  any    any     anywhere             anywhere             ctstate NEW

Chain ufw-user-forward (1 references)
 pkts bytes target     prot opt in     out     source               destination 

Chain ufw-user-input (1 references)
 pkts bytes target     prot opt in     out     source               destination 
12849  739K            tcp  --  any    any     anywhere             anywhere             tcp dpt:ssh ctstate NEW recent: SET name: DEFAULT side: source mask: 255.255.255.255
 1811  108K ufw-user-limit  tcp  --  any    any     anywhere             anywhere             tcp dpt:ssh ctstate NEW recent: UPDATE seconds: 30 hit_count: 6 name: DEFAULT side: source mask: 255.255.255.255
11038  631K ufw-user-limit-accept  tcp  --  any    any     anywhere             anywhere             tcp dpt:ssh
  551 23244 ACCEPT     tcp  --  any    any     anywhere             anywhere             tcp dpt:https
 1699 88608 ACCEPT     tcp  --  any    any     anywhere             anywhere             tcp dpt:http

Chain ufw-user-limit (1 references)
 pkts bytes target     prot opt in     out     source               destination 
  387 22952 LOG        all  --  any    any     anywhere             anywhere             limit: avg 3/min burst 5 LOG level warning prefix "[UFW LIMIT BLOCK] "
 1811  108K REJECT     all  --  any    any     anywhere             anywhere             reject-with icmp-port-unreachable

Chain ufw-user-limit-accept (1 references)
 pkts bytes target     prot opt in     out     source               destination 
11038  631K ACCEPT     all  --  any    any     anywhere             anywhere    

Chain ufw-user-logging-forward (0 references)
 pkts bytes target     prot opt in     out     source               destination 

Chain ufw-user-logging-input (0 references)
 pkts bytes target     prot opt in     out     source               destination 

Chain ufw-user-logging-output (0 references)
 pkts bytes target     prot opt in     out     source               destination 

Chain ufw-user-output (1 references)
 pkts bytes target     prot opt in     out     source               destination 
root@LabTest1:~#
